Archive Project report for inc_gray
Wed Sep 25 19:26:24 2019
Quartus II 32-bit Version 13.0.1 Build 232 06/12/2013 Service Pack 1 SJ Full Version


---------------------
; Table of Contents ;
---------------------
  1. Legal Notice
  2. Archive Project Summary
  3. Archive Project Messages
  4. Files Archived



----------------
; Legal Notice ;
----------------
Copyright (C) 1991-2013 Altera Corporation
Your use of Altera Corporation's design tools, logic functions 
and other software and tools, and its AMPP partner logic 
functions, and any output files from any of the foregoing 
(including device programming or simulation files), and any 
associated documentation or information are expressly subject 
to the terms and conditions of the Altera Program License 
Subscription Agreement, Altera MegaCore Function License 
Agreement, or other applicable license agreement, including, 
without limitation, that your use is for the sole purpose of 
programming logic devices manufactured by Altera and sold by 
Altera or its authorized distributors.  Please refer to the 
applicable agreement for further details.



+----------------------------------------------------------------+
; Archive Project Summary                                        ;
+------------------------+---------------------------------------+
; Archive Project Status ; Successful - Wed Sep 25 19:26:24 2019 ;
; Revision Name          ; inc_gray                              ;
; Top-level Entity Name  ; inc_gray                              ;
; Family                 ; Cyclone                               ;
+------------------------+---------------------------------------+


+--------------------------+
; Archive Project Messages ;
+--------------------------+
Info: File Set 'Source control' contains:
    Info: Project source and settings files
    Info: Automatically detected source files
Info: ----------------------------------------------------------
Info: ----------------------------------------------------------
Info: Generated archive '/home/camilla.b/DLP/AE2/inc_gray.qar'
Info: ----------------------------------------------------------
Info: ----------------------------------------------------------
Info: Generated report 'inc_gray.archive.rpt'
Info (23030): Evaluation of Tcl script /opt/altera/13.0sp1/quartus/common/tcl/apps/qpm/qar.tcl was successful
Info: Quartus II 32-bit Shell was successful. 0 errors, 0 warnings
    Info: Peak virtual memory: 269 megabytes
    Info: Processing ended: Wed Sep 25 19:26:24 2019
    Info: Elapsed time: 00:00:08
    Info: Total CPU time (on all processors): 00:00:05


+-----------------------------------------------------+
; Files Archived                                      ;
+-----------------------------------------------------+
; File Name                                           ;
+-----------------------------------------------------+
; ../RTL_Viewer.png                                   ;
; ../SimulationWaveform.png                           ;
; /home/camilla.b/DLP/AE2/RTL_Viewer.png              ;
; /home/camilla.b/DLP/AE2/SimulationWaveform.png      ;
; assignment_defaults.qdf                             ;
; db/inc_gray.sim.vwf                                 ;
; inc_gray.qpf                                        ;
; inc_gray.qsf                                        ;
; inc_gray.vhd                                        ;
; incremental_db/compiled_partitions/inc_gray.db_info ;
; Waveform.vwf                                        ;
+-----------------------------------------------------+


